C:\Users\Teju\Documents\MCUXpressoIDE_11.5.0_7232\workspace\ARMonica\drivers/fsl_uart.h:500:20:UART_EnableTx	16	static
C:\Users\Teju\Documents\MCUXpressoIDE_11.5.0_7232\workspace\ARMonica\drivers/fsl_uart.h:520:20:UART_EnableRx	16	static
C:\Users\Teju\Documents\MCUXpressoIDE_11.5.0_7232\workspace\ARMonica\drivers/fsl_lpsci.h:461:20:LPSCI_EnableTx	16	static
C:\Users\Teju\Documents\MCUXpressoIDE_11.5.0_7232\workspace\ARMonica\drivers/fsl_lpsci.h:481:20:LPSCI_EnableRx	16	static
../utilities/fsl_debug_console.c:232:10:DbgConsole_Init	48	static
../utilities/fsl_debug_console.c:334:10:DbgConsole_Deinit	8	static
c:\nxp\mcuxpressoide_11.5.0_7232\ide\plugins\com.nxp.mcuxpresso.tools.win32_11.5.0.202107051138\tools\redlib\include\sys\libconfig-arm.h:247:5:__sys_write	32	static
c:\nxp\mcuxpressoide_11.5.0_7232\ide\plugins\com.nxp.mcuxpresso.tools.win32_11.5.0.202107051138\tools\redlib\include\sys\libconfig-arm.h:241:5:__sys_readc	24	static
